[    0.000000] Initializing cgroup subsys cpuset
[    0.000000] Initializing cgroup subsys cpu
[    0.000000] Initializing cgroup subsys cpuacct
[    0.000000] Linux version 4.4.0-210-generic (buildd@lgw01-amd64-009) (gcc version 5.4.0 20160609 (Ubuntu 5.4.0-6ubuntu1~16.04.12) ) #242-Ubuntu SMP Fri Apr 16 09:57:56 UTC 2021 (Ubuntu 4.4.0-210.242-generic 4.4.262)
[    0.000000] Command line: BOOT_IMAGE=/boot/vmlinuz-4.4.0-210-generic root=LABEL=cloudimg-rootfs ro console=tty1 console=ttyS0
[    0.000000] KERNEL supported cpus:
[    0.000000]   Intel GenuineIntel
[    0.000000]   AMD AuthenticAMD
[    0.000000]   Centaur CentaurHauls
[    0.000000] [Firmware Bug]: TSC doesn't count with P0 frequency!
[    0.000000] x86/fpu: xstate_offset[2]:  576, xstate_sizes[2]:  256
[    0.000000] x86/fpu: Supporting XSAVE feature 0x01: 'x87 floating point registers'
[    0.000000] x86/fpu: Supporting XSAVE feature 0x02: 'SSE registers'
[    0.000000] x86/fpu: Supporting XSAVE feature 0x04: 'AVX registers'
[    0.000000] x86/fpu: Enabled xstate features 0x7, context size is 832 bytes, using 'standard' format.
[    0.000000] e820: BIOS-provided physical RAM map:
[    0.000000] BIOS-e820: [mem 0x0000000000000000-0x000000000009fbff] usable
[    0.000000] BIOS-e820: [mem 0x000000000009fc00-0x000000000009ffff] reserved
[    0.000000] BIOS-e820: [mem 0x00000000000f0000-0x00000000000fffff] reserved
[    0.000000] BIOS-e820: [mem 0x0000000000100000-0x000000003ffeffff] usable
[    0.000000] BIOS-e820: [mem 0x000000003fff0000-0x000000003fffffff] ACPI data
[    0.000000] BIOS-e820: [mem 0x00000000fec00000-0x00000000fec00fff] reserved
[    0.000000] BIOS-e820: [mem 0x00000000fee00000-0x00000000fee00fff] reserved
[    0.000000] BIOS-e820: [mem 0x00000000fffc0000-0x00000000ffffffff] reserved
[    0.000000] NX (Execute Disable) protection: active
[    0.000000] SMBIOS 2.5 present.
[    0.000000] Hypervisor detected: KVM
[    0.000000] Kernel/User page tables isolation: disabled
[    0.000000] e820: last_pfn = 0x3fff0 max_arch_pfn = 0x400000000
[    0.000000] MTRR: Disabled
[    0.000000] x86/PAT: MTRRs disabled, skipping PAT initialization too.
[    0.000000] CPU MTRRs all blank - virtualized system.
[    0.000000] x86/PAT: Configuration [0-7]: WB  WT  UC- UC  WB  WT  UC- UC  
[    0.000000] found SMP MP-table at [mem 0x0009fff0-0x0009ffff] mapped at [ffff88000009fff0]
[    0.000000] Scanning 1 areas for low memory corruption
[    0.000000] RAMDISK: [mem 0x362dc000-0x37165fff]
[    0.000000] ACPI: Early table checksum verification disabled
[    0.000000] ACPI: RSDP 0x00000000000E0000 000024 (v02 VBOX  )
[    0.000000] ACPI: XSDT 0x000000003FFF0030 00003C (v01 VBOX   VBOXXSDT 00000001 ASL  00000061)
[    0.000000] ACPI: FACP 0x000000003FFF00F0 0000F4 (v04 VBOX   VBOXFACP 00000001 ASL  00000061)
[    0.000000] ACPI: DSDT 0x000000003FFF0610 002353 (v02 VBOX   VBOXBIOS 00000002 INTL 20100528)
[    0.000000] ACPI: FACS 0x000000003FFF0200 000040
[    0.000000] ACPI: FACS 0x000000003FFF0200 000040
[    0.000000] ACPI: APIC 0x000000003FFF0240 00005C (v02 VBOX   VBOXAPIC 00000001 ASL  00000061)
[    0.000000] ACPI: SSDT 0x000000003FFF02A0 00036C (v01 VBOX   VBOXCPUT 00000002 INTL 20100528)
[    0.000000] No NUMA configuration found
[    0.000000] Faking a node at [mem 0x0000000000000000-0x000000003ffeffff]
[    0.000000] NODE_DATA(0) allocated [mem 0x3ffeb000-0x3ffeffff]
[    0.000000] kvm-clock: Using msrs 4b564d01 and 4b564d00
[    0.000000] kvm-clock: cpu 0, msr 0:3ffe3001, primary cpu clock
[    0.000000] kvm-clock: using sched offset of 2909426664 cycles
[    0.000000] clocksource: kvm-clock: mask: 0xffffffffffffffff max_cycles: 0x1cd42e4dffb, max_idle_ns: 881590591483 ns
[    0.000000] Zone ranges:
[    0.000000]   DMA      [mem 0x0000000000001000-0x0000000000ffffff]
[    0.000000]   DMA32    [mem 0x0000000001000000-0x000000003ffeffff]
[    0.000000]   Normal   empty
[    0.000000]   Device   empty
[    0.000000] Movable zone start for each node
[    0.000000] Early memory node ranges
[    0.000000]   node   0: [mem 0x0000000000001000-0x000000000009efff]
[    0.000000]   node   0: [mem 0x0000000000100000-0x000000003ffeffff]
[    0.000000] Initmem setup node 0 [mem 0x0000000000001000-0x000000003ffeffff]
[    0.000000] ACPI: PM-Timer IO Port: 0x4008
[    0.000000] IOAPIC[0]: apic_id 2, version 32, address 0xfec00000, GSI 0-23
[    0.000000] ACPI: INT_SRC_OVR (bus 0 bus_irq 0 global_irq 2 dfl dfl)
[    0.000000] ACPI: INT_SRC_OVR (bus 0 bus_irq 9 global_irq 9 low level)
[    0.000000] Using ACPI (MADT) for SMP configuration information
[    0.000000] smpboot: Allowing 2 CPUs, 0 hotplug CPUs
[    0.000000] PM: Registered nosave memory: [mem 0x00000000-0x00000fff]
[    0.000000] PM: Registered nosave memory: [mem 0x0009f000-0x0009ffff]
[    0.000000] PM: Registered nosave memory: [mem 0x000a0000-0x000effff]
[    0.000000] PM: Registered nosave memory: [mem 0x000f0000-0x000fffff]
[    0.000000] e820: [mem 0x40000000-0xfebfffff] available for PCI devices
[    0.000000] Booting paravirtualized kernel on KVM
[    0.000000] clocksource: refined-jiffies: mask: 0xffffffff max_cycles: 0xffffffff, max_idle_ns: 7645519600211568 ns
[    0.000000] setup_percpu: NR_CPUS:512 nr_cpumask_bits:512 nr_cpu_ids:2 nr_node_ids:1
[    0.000000] PERCPU: Embedded 33 pages/cpu @ffff88003fc00000 s95192 r8192 d31784 u1048576
[    0.000000] Built 1 zonelists in Node order, mobility grouping on.  Total pages: 257912
[    0.000000] Policy zone: DMA32
[    0.000000] Kernel command line: BOOT_IMAGE=/boot/vmlinuz-4.4.0-210-generic root=LABEL=cloudimg-rootfs ro console=tty1 console=ttyS0
[    0.000000] PID hash table entries: 4096 (order: 3, 32768 bytes)
[    0.000000] Memory: 997792K/1048120K available (8644K kernel code, 1332K rwdata, 4044K rodata, 1492K init, 1164K bss, 50328K reserved, 0K cma-reserved)
[    0.000000] SLUB: HWalign=64, Order=0-3, MinObjects=0, CPUs=2, Nodes=1
[    0.000000] Hierarchical RCU implementation.
[    0.000000] 	Build-time adjustment of leaf fanout to 64.
[    0.000000] 	RCU restricting CPUs from NR_CPUS=512 to nr_cpu_ids=2.
[    0.000000] RCU: Adjusting geometry for rcu_fanout_leaf=64, nr_cpu_ids=2
[    0.000000] NR_IRQS:33024 nr_irqs:440 16
[    0.000000] Console: colour VGA+ 80x25
[    0.000000] console [tty1] enabled
[    0.000000] console [ttyS0] enabled
[    0.000000] tsc: Detected 3600.004 MHz processor
[    0.102640] Calibrating delay loop (skipped) preset value.. 7200.00 BogoMIPS (lpj=14400016)
[    0.103818] pid_max: default: 32768 minimum: 301
[    0.104520] ACPI: Core revision 20150930
[    0.106338] ACPI: 2 ACPI AML tables successfully acquired and loaded
[    0.107285] Security Framework initialized
[    0.107944] Yama: becoming mindful.
[    0.108838] AppArmor: AppArmor initialized
[    0.109472] Dentry cache hash table entries: 131072 (order: 8, 1048576 bytes)
[    0.110599] Inode-cache hash table entries: 65536 (order: 7, 524288 bytes)
[    0.112085] Mount-cache hash table entries: 2048 (order: 2, 16384 bytes)
[    0.112946] Mountpoint-cache hash table entries: 2048 (order: 2, 16384 bytes)
[    0.113957] Initializing cgroup subsys io
[    0.114596] Initializing cgroup subsys memory
[    0.115280] Initializing cgroup subsys devices
[    0.116016] Initializing cgroup subsys freezer
[    0.116658] Initializing cgroup subsys net_cls
[    0.117316] Initializing cgroup subsys perf_event
[    0.117991] Initializing cgroup subsys net_prio
[    0.118762] Initializing cgroup subsys hugetlb
[    0.119395] Initializing cgroup subsys pids
[    0.128085] mce: CPU supports 0 MCE banks
[    0.128766] Last level iTLB entries: 4KB 1024, 2MB 1024, 4MB 512
[    0.129681] Last level dTLB entries: 4KB 2048, 2MB 2048, 4MB 1024, 1GB 0
[    0.130611] Spectre V1 : Mitigation: usercopy/swapgs barriers and __user pointer sanitization
[    0.131760] Spectre V2 : Spectre mitigation: LFENCE not serializing, switching to generic retpoline
[    0.133002] Spectre V2 : Mitigation: Full generic retpoline
[    0.133770] Spectre V2 : Spectre v2 / SpectreRSB mitigation: Filling RSB on context switch
[    0.136952] Freeing SMP alternatives memory: 36K
[    0.142107] ftrace: allocating 32380 entries in 127 pages
[    0.190666] smpboot: APIC(0) Converting physical 0 to logical package 0
[    0.191695] smpboot: Max logical packages: 1
[    0.192524] x2apic enabled
[    0.193177] Switched APIC routing to physical x2apic.
[    0.194751] ..TIMER: vector=0x30 apic1=0 pin1=2 apic2=-1 pin2=-1
[    0.303671] smpboot: CPU0: AMD Ryzen 5 3600 6-Core Processor (family: 0x17, model: 0x71, stepping: 0x0)
[    0.305185] Performance Events: Broken PMU hardware detected, using software events only.
[    0.306342] Failed to access perfctr msr (MSR c0010007 is 0)
[    0.312214] KVM setup paravirtual spinlock
[    0.313591] x86: Booting SMP configuration:
[    0.314201] .... node  #0, CPUs:      #1
[    0.314864] kvm-clock: cpu 1, msr 0:3ffe3041, secondary cpu clock
[    0.323158] mce: CPU supports 0 MCE banks
[    0.325585] x86: Booted up 1 node, 2 CPUs
[    0.326467] smpboot: Total of 2 processors activated (14400.01 BogoMIPS)
[    0.327662] devtmpfs: initialized
[    0.329694] evm: security.selinux
[    0.330319] evm: security.SMACK64
[    0.330936] evm: security.SMACK64EXEC
[    0.331477] evm: security.SMACK64TRANSMUTE
[    0.332069] evm: security.SMACK64MMAP
[    0.332613] evm: security.ima
[    0.333083] evm: security.capability
[    0.334451] clocksource: jiffies: mask: 0xffffffff max_cycles: 0xffffffff, max_idle_ns: 7645041785100000 ns
[    0.335742] futex hash table entries: 512 (order: 3, 32768 bytes)
[    0.336601] pinctrl core: initialized pinctrl subsystem
[    0.337377] RTC time: 20:00:27, date: 01/16/23
[    0.338236] NET: Registered protocol family 16
[    0.349818] cpuidle: using governor ladder
[    0.360041] cpuidle: using governor menu
[    0.360627] PCCT header not found.
[    0.361459] ACPI: bus type PCI registered
[    0.362063] acpiphp: ACPI Hot Plug PCI Controller Driver version: 0.5
[    0.363017] PCI: Using configuration type 1 for base access
[    0.363872] PCI: Using configuration type 1 for extended access
[    0.376900] ACPI: Added _OSI(Module Device)
[    0.377553] ACPI: Added _OSI(Processor Device)
[    0.378182] ACPI: Added _OSI(3.0 _SCP Extensions)
[    0.378882] ACPI: Added _OSI(Processor Aggregator Device)
[    0.380030] ACPI: Executed 1 blocks of module-level executable AML code
[    0.382228] ACPI: Interpreter enabled
[    0.382831] ACPI: (supports S0 S5)
[    0.383386] ACPI: Using IOAPIC for interrupt routing
[    0.384226] PCI: Using host bridge windows from ACPI; if necessary, use "pci=nocrs" and report a bug
[    0.387994] ACPI: PCI Root Bridge [PCI0] (domain 0000 [bus 00-ff])
[    0.388927] acpi PNP0A03:00: _OSC: OS supports [ExtendedConfig ASPM ClockPM Segments MSI]
[    0.390586] acpi PNP0A03:00: _OSC: platform does not support [PCIeCapability]
[    0.391817] acpi PNP0A03:00: _OSC: not requesting control; platform does not support [PCIeCapability]
[    0.393183] acpi PNP0A03:00: _OSC: OS requested [PCIeHotplug PME AER PCIeCapability]
[    0.394406] acpi PNP0A03:00: _OSC: platform willing to grant [PCIeHotplug PME AER]
[    0.395584] acpi PNP0A03:00: _OSC failed (AE_SUPPORT); disabling ASPM
[    0.396754] PCI host bridge to bus 0000:00
[    0.397387] pci_bus 0000:00: root bus resource [io  0x0000-0x0cf7 window]
[    0.398367] pci_bus 0000:00: root bus resource [io  0x0d00-0xffff window]
[    0.399314] pci_bus 0000:00: root bus resource [mem 0x000a0000-0x000bffff window]
[    0.406951] pci_bus 0000:00: root bus resource [mem 0x40000000-0xfdffffff window]
[    0.408349] pci_bus 0000:00: root bus resource [bus 00-ff]
[    0.410711] pci 0000:00:01.1: legacy IDE quirk: reg 0x10: [io  0x01f0-0x01f7]
[    0.411631] pci 0000:00:01.1: legacy IDE quirk: reg 0x14: [io  0x03f6]
[    0.412464] pci 0000:00:01.1: legacy IDE quirk: reg 0x18: [io  0x0170-0x0177]
[    0.413394] pci 0000:00:01.1: legacy IDE quirk: reg 0x1c: [io  0x0376]
[    0.421302] pci 0000:00:07.0: quirk: [io  0x4000-0x403f] claimed by PIIX4 ACPI
[    0.422392] pci 0000:00:07.0: quirk: [io  0x4100-0x410f] claimed by PIIX4 SMB
[    0.427837] ACPI: PCI Interrupt Link [LNKA] (IRQs 5 9 10 *11)
[    0.429043] ACPI: PCI Interrupt Link [LNKB] (IRQs 5 9 *10 11)
[    0.430341] ACPI: PCI Interrupt Link [LNKC] (IRQs 5 *9 10 11)
[    0.431404] ACPI: PCI Interrupt Link [LNKD] (IRQs 5 9 10 *11)
[    0.432525] ACPI: Enabled 2 GPEs in block 00 to 07
[    0.433460] vgaarb: setting as boot device: PCI:0000:00:02.0
[    0.434213] vgaarb: device added: PCI:0000:00:02.0,decodes=io+mem,owns=io+mem,locks=none
[    0.435349] vgaarb: loaded
[    0.435805] vgaarb: bridge control possible 0000:00:02.0
[    0.436710] SCSI subsystem initialized
[    0.437431] ACPI: bus type USB registered
[    0.438034] usbcore: registered new interface driver usbfs
[    0.438783] usbcore: registered new interface driver hub
[    0.439526] usbcore: registered new device driver usb
[    0.440390] PCI: Using ACPI for IRQ routing
[    0.441218] NetLabel: Initializing
[    0.441745] NetLabel:  domain hash size = 128
[    0.442380] NetLabel:  protocols = UNLABELED CIPSOv4
[    0.443100] NetLabel:  unlabeled traffic allowed by default
[    0.443932] amd_nb: Cannot enumerate AMD northbridges
[    0.444673] clocksource: Switched to clocksource kvm-clock
[    0.450504] AppArmor: AppArmor Filesystem Enabled
[    0.451275] pnp: PnP ACPI init
[    0.452334] pnp: PnP ACPI: found 3 devices
[    0.459934] clocksource: acpi_pm: mask: 0xffffff max_cycles: 0xffffff, max_idle_ns: 2085701024 ns
[    0.461180] NET: Registered protocol family 2
[    0.461966] TCP established hash table entries: 8192 (order: 4, 65536 bytes)
[    0.462849] TCP bind hash table entries: 8192 (order: 5, 131072 bytes)
[    0.463685] TCP: Hash tables configured (established 8192 bind 8192)
[    0.464509] UDP hash table entries: 512 (order: 2, 16384 bytes)
[    0.465292] UDP-Lite hash table entries: 512 (order: 2, 16384 bytes)
[    0.466154] NET: Registered protocol family 1
[    0.466774] pci 0000:00:00.0: Limiting direct PCI/PCI transfers
[    0.467570] pci 0000:00:01.0: Activating ISA DMA hang workarounds
[    0.469050] Unpacking initramfs...
[    0.638793] Freeing initrd memory: 14888K
[    0.639577] clocksource: tsc: mask: 0xffffffffffffffff max_cycles: 0x33e456ed7d0, max_idle_ns: 440795322762 ns
[    0.640993] platform rtc_cmos: registered platform RTC device (no PNP device found)
[    0.642138] Scanning for low memory corruption every 60 seconds
[    0.643219] audit: initializing netlink subsys (disabled)
[    0.643969] audit: type=2000 audit(1673899231.676:1): initialized
[    0.644990] Initialise system trusted keyring
[    0.645740] HugeTLB registered 2 MB page size, pre-allocated 0 pages
[    0.647474] zbud: loaded
[    0.648196] VFS: Disk quotas dquot_6.6.0
[    0.648811] VFS: Dquot-cache hash table entries: 512 (order 0, 4096 bytes)
[    0.649963] squashfs: version 4.0 (2009/01/31) Phillip Lougher
[    0.651530] fuse init (API version 7.23)
[    0.652224] Key type big_key registered
[    0.652920] Allocating IMA MOK and blacklist keyrings.
[    0.654625] Key type asymmetric registered
[    0.655296] Asymmetric key parser 'x509' registered
[    0.656029] Block layer SCSI generic (bsg) driver version 0.4 loaded (major 249)
[    0.657178] io scheduler noop registered
[    0.657761] io scheduler deadline registered (default)
[    0.658489] io scheduler cfq registered
[    0.659137] pci_hotplug: PCI Hot Plug PCI Core version: 0.5
[    0.659922] pciehp: PCI Express Hot Plug Controller Driver version: 0.4
[    0.660959] ACPI: AC Adapter [AC] (on-line)
[    0.661654] input: Power Button as /devices/LNXSYSTM:00/LNXPWRBN:00/input/input0
[    0.662771] ACPI: Power Button [PWRF]
[    0.663378] input: Sleep Button as /devices/LNXSYSTM:00/LNXSLPBN:00/input/input1
[    0.664440] ACPI: Sleep Button [SLPF]
[    0.665348] GHES: HEST is not enabled!
[    0.666055] Serial: 8250/16550 driver, 32 ports, IRQ sharing enabled
[    0.687270] 00:02: ttyS0 at I/O 0x3f8 (irq = 4, base_baud = 115200) is a 16550A
[    0.689893] Linux agpgart interface v0.103
[    0.691996] loop: module loaded
[    0.692909] scsi host0: ata_piix
[    0.693518] scsi host1: ata_piix
[    0.694047] ata1: PATA max UDMA/33 cmd 0x1f0 ctl 0x3f6 bmdma 0xd000 irq 14
[    0.695059] ata2: PATA max UDMA/33 cmd 0x170 ctl 0x376 bmdma 0xd008 irq 15
[    0.695989] libphy: Fixed MDIO Bus: probed
[    0.696581] tun: Universal TUN/TAP device driver, 1.6
[    0.697283] tun: (C) 1999-2004 Max Krasnyansky <maxk@qualcomm.com>
[    0.698134] PPP generic driver version 2.4.2
[    0.698811] ehci_hcd: USB 2.0 'Enhanced' Host Controller (EHCI) Driver
[    0.699669] ehci-pci: EHCI PCI platform driver
[    0.700306] ehci-platform: EHCI generic platform driver
[    0.701053] ohci_hcd: USB 1.1 'Open' Host Controller (OHCI) Driver
[    0.701890] ohci-pci: OHCI PCI platform driver
[    0.702524] ohci-platform: OHCI generic platform driver
[    0.703261] uhci_hcd: USB Universal Host Controller Interface driver
[    0.704106] i8042: PNP: PS/2 Controller [PNP0303:PS2K,PNP0f03:PS2M] at 0x60,0x64 irq 1,12
[    0.705597] serio: i8042 KBD port at 0x60,0x64 irq 1
[    0.706271] serio: i8042 AUX port at 0x60,0x64 irq 12
[    0.707071] mousedev: PS/2 mouse device common for all mice
[    0.708023] input: AT Translated Set 2 keyboard as /devices/platform/i8042/serio0/input/input2
[    0.709514] rtc_cmos rtc_cmos: rtc core: registered rtc_cmos as rtc0
[    0.710400] rtc_cmos rtc_cmos: alarms up to one day, 114 bytes nvram
[    0.711265] i2c /dev entries driver
[    0.711824] device-mapper: uevent: version 1.0.3
[    0.712593] device-mapper: ioctl: 4.34.0-ioctl (2015-10-28) initialised: dm-devel@redhat.com
[    0.713849] ledtrig-cpu: registered to indicate activity on CPUs
[    0.714967] NET: Registered protocol family 10
[    0.715789] NET: Registered protocol family 17
[    0.716428] Key type dns_resolver registered
[    0.717353] registered taskstats version 1
[    0.717950] Loading compiled-in X.509 certificates
[    0.718996] Loaded X.509 cert 'Build time autogenerated kernel key: cf00e047681d67edb2720680708b7d9498083038'
[    0.720319] zswap: loaded using pool lzo/zbud
[    0.722347] Key type trusted registered
[    0.724953] Key type encrypted registered
[    0.725534] AppArmor: AppArmor sha1 policy hashing enabled
[    0.726244] ima: No TPM chip found, activating TPM-bypass!
[    0.726970] ima: Allocated hash algorithm: sha1
[    0.727609] evm: HMAC attrs: 0x1
[    0.728354]   Magic number: 7:255:43
[    0.729019] rtc_cmos rtc_cmos: setting system clock to 2023-01-16 20:00:27 UTC (1673899227)
[    0.730263] BIOS EDD facility v0.16 2004-Jun-25, 0 devices found
[    0.731097] EDD information not available.
[    0.881260] Freeing unused kernel memory: 1492K
[    0.881959] Write protecting the kernel read-only data: 14336k
[    0.883083] Freeing unused kernel memory: 1584K
[    0.883844] Freeing unused kernel memory: 52K
Loading, please wait...
starting version 229
[    0.892730] random: systemd-udevd: uninitialized urandom read (16 bytes read, 1 bits of entropy available)
[    0.892987] random: udevadm: uninitialized urandom read (16 bytes read, 1 bits of entropy available)
[    0.893003] random: udevadm: uninitialized urandom read (16 bytes read, 1 bits of entropy available)
[    0.897407] random: systemd-udevd: uninitialized urandom read (16 bytes read, 1 bits of entropy available)
[    0.898966] random: systemd-udevd: uninitialized urandom read (16 bytes read, 1 bits of entropy available)
[    0.899171] random: udevadm: uninitialized urandom read (16 bytes read, 1 bits of entropy available)
[    0.899205] random: udevadm: uninitialized urandom read (16 bytes read, 1 bits of entropy available)
[    0.899294] random: udevadm: uninitialized urandom read (16 bytes read, 1 bits of entropy available)
[    0.899350] random: udevadm: uninitialized urandom read (16 bytes read, 1 bits of entropy available)
[    0.899389] random: udevadm: uninitialized urandom read (16 bytes read, 1 bits of entropy available)
[    0.930899] e1000: Intel(R) PRO/1000 Network Driver - version 7.3.21-k8-NAPI
[    0.931821] e1000: Copyright (c) 1999-2006 Intel Corporation.
[    0.937564] Fusion MPT base driver 3.04.20
[    0.938246] Copyright (c) 1999-2008 LSI Corporation
[    0.944267] Fusion MPT SPI Host driver 3.04.20
[    0.946377] AVX2 version of gcm_enc/dec engaged.
[    0.947179] AES CTR mode by8 optimization enabled
[    1.136944] input: ImExPS/2 Generic Explorer Mouse as /devices/platform/i8042/serio1/input/input4
[    1.279810] e1000 0000:00:03.0 eth0: (PCI:33MHz:32-bit) 02:be:82:6b:cc:1d
[    1.280776] e1000 0000:00:03.0 eth0: Intel(R) PRO/1000 Network Connection
[    1.282165] mptbase: ioc0: Initiating bringup
[    1.353119] ioc0: LSI53C1030 A0: Capabilities={Initiator}
[    1.513515] scsi host2: ioc0: LSI53C1030 A0, FwRev=00000000h, Ports=1, MaxQ=256, IRQ=20
[    1.625479] scsi 2:0:0:0: Direct-Access     VBOX     HARDDISK         1.0  PQ: 0 ANSI: 5
[    1.626697] scsi target2:0:0: Beginning Domain Validation
[    1.627855] scsi target2:0:0: Domain Validation skipping write tests
[    1.628660] scsi target2:0:0: Ending Domain Validation
[    1.629396] scsi target2:0:0: asynchronous
[    1.636714] scsi 2:0:1:0: Direct-Access     VBOX     HARDDISK         1.0  PQ: 0 ANSI: 5
[    1.637852] scsi target2:0:1: Beginning Domain Validation
[    1.638994] scsi target2:0:1: Domain Validation skipping write tests
[    1.639805] scsi target2:0:1: Ending Domain Validation
[    1.640515] scsi target2:0:1: asynchronous
[    1.645376] sd 2:0:0:0: Attached scsi generic sg0 type 0
[    1.646169] sd 2:0:0:0: [sda] 83886080 512-byte logical blocks: (42.9 GB/40.0 GiB)
[    1.647556] sd 2:0:0:0: [sda] Write Protect is off
[    1.648342] sd 2:0:0:0: [sda] Incomplete mode parameter data
[    1.648758] sd 2:0:1:0: [sdb] 20480 512-byte logical blocks: (10.5 MB/10.0 MiB)
[    1.648835] sd 2:0:1:0: [sdb] Write Protect is off
[    1.648922] sd 2:0:1:0: [sdb] Incomplete mode parameter data
[    1.648923] sd 2:0:1:0: [sdb] Assuming drive cache: write through
[    1.650411] sd 2:0:1:0: [sdb] Attached SCSI disk
[    1.653312] sd 2:0:0:0: [sda] Assuming drive cache: write through
[    1.654123] sd 2:0:1:0: Attached scsi generic sg1 type 0
[    1.655784]  sda: sda1
[    1.656606] sd 2:0:0:0: [sda] Attached SCSI disk
[    1.964136] e1000 0000:00:08.0 eth1: (PCI:33MHz:32-bit) 08:00:27:f9:9c:9b
[    1.965249] e1000 0000:00:08.0 eth1: Intel(R) PRO/1000 Network Connection
[    1.966794] e1000 0000:00:03.0 enp0s3: renamed from eth0
[    1.977327] e1000 0000:00:08.0 enp0s8: renamed from eth1
Begin: Loading essential drivers ... [    3.298986] md: linear personality registered for level -1
[    3.300999] md: multipath personality registered for level -4
[    3.303000] md: raid0 personality registered for level 0
[    3.305825] md: raid1 personality registered for level 1
[    3.376717] raid6: sse2x1   gen()  8140 MB/s
[    3.444680] raid6: sse2x1   xor()  8253 MB/s
[    3.513524] raid6: sse2x2   gen() 17017 MB/s
[    3.580696] raid6: sse2x2   xor() 11013 MB/s
[    3.648688] raid6: sse2x4   gen() 17600 MB/s
[    3.716753] raid6: sse2x4   xor() 10100 MB/s
[    3.784823] raid6: avx2x1   gen() 20770 MB/s
[    3.852858] raid6: avx2x2   gen() 33666 MB/s
[    3.920869] raid6: avx2x4   gen() 33028 MB/s
[    3.921630] raid6: using algorithm avx2x2 gen() 33666 MB/s
[    3.922405] raid6: using avx2x2 recovery algorithm
[    3.923948] xor: automatically using best checksumming function:
[    3.960772]    avx       : 15478.000 MB/sec
[    3.962333] async_tx: api initialized (async)
[    3.969007] md: raid6 personality registered for level 6
[    3.969739] md: raid5 personality registered for level 5
[    3.970442] md: raid4 personality registered for level 4
[    3.974963] md: raid10 personality registered for level 10
done.
Begin: Running /scripts/init-premount ... done.
Begin: Mounting root file system ... Begin: Running /scripts/local-top ... done.
Begin: Running /scripts/local-premount ... [    3.995051] Btrfs loaded
Scanning for Btrfs filesystems
done.
Warning: fsck not present, so skipping root file system
[    4.015767] EXT4-fs (sda1): mounted filesystem with ordered data mode. Opts: (null)
done.
Begin: Running /scripts/local-bottom ... done.
Begin: Running /scripts/init-bottom ... done.
[    4.084617] systemd[1]: systemd 229 running in system mode. (+PAM +AUDIT +SELINUX +IMA +APPARMOR +SMACK +SYSVINIT +UTMP +LIBCRYPTSETUP +GCRYPT +GNUTLS +ACL +XZ -LZ4 +SECCOMP +BLKID +ELFUTILS +KMOD -IDN)
[    4.087069] systemd[1]: Detected virtualization oracle.
[    4.087829] systemd[1]: Detected architecture x86-64.

Welcome to [1mUbuntu 16.04.7 LTS[0m!

[    4.090440] systemd[1]: Set hostname to <ubuntu>.
[    4.092617] systemd[1]: Initializing machine ID from random generator.
[    4.093522] systemd[1]: Installed transient /etc/machine-id file.
[    4.184941] systemd[1]: Listening on fsck to fsckd communication Socket.
[[0;32m  OK  [0m] Listening on fsck to fsckd communication Socket.
[    4.186665] systemd[1]: Listening on udev Control Socket.
[[0;32m  OK  [0m] Listening on udev Control Socket.
[    4.188197] systemd[1]: Listening on Journal Socket.
[[0;32m  OK  [0m] Listening on Journal Socket.
[    4.189589] systemd[1]: Listening on Syslog Socket.
[[0;32m  OK  [0m] Listening on Syslog Socket.
[    4.190885] systemd[1]: Listening on Journal Socket (/dev/log).
[[0;32m  OK  [0m] Listening on Journal Socket (/dev/log).
[    4.192340] systemd[1]: Reached target System Time Synchronized.
[[0;32m  OK  [0m] Reached target System Time Synchronized.
[    4.193868] systemd[1]: Listening on LVM2 poll daemon socket.
[[0;32m  OK  [0m] Listening on LVM2 poll daemon socket.
[    4.195345] systemd[1]: Listening on Journal Audit Socket.
[[0;32m  OK  [0m] Listening on Journal Audit Socket.
[    4.196786] systemd[1]: Started Trigger resolvconf update for networkd DNS.
[[0;32m  OK  [0m] Started Trigger resolvconf update for networkd DNS.
[    4.198443] systemd[1]: Listening on LVM2 metadata daemon socket.
[[0;32m  OK  [0m] Listening on LVM2 metadata daemon socket.
[    4.199906] systemd[1]: Listening on Device-mapper event daemon FIFOs.
[[0;32m  OK  [0m] Listening on Device-mapper event daemon FIFOs.
[    4.201628] systemd[1]: Created slice System Slice.
[[0;32m  OK  [0m] Created slice System Slice.
[    4.224877] systemd[1]: Mounting Huge Pages File System...
         Mounting Huge Pages File System...
[    4.227404] systemd[1]: Starting File System Check on Root Device...
         Starting File System Check on Root Device...
[    4.229239] systemd[1]: Starting Journal Service...
         Starting Journal Service...
[    4.230891] systemd[1]: Starting Set console keymap...
         Starting Set console keymap...
[    4.233307] systemd[1]: Created slice system-serial\x2dgetty.slice.
[[0;32m  OK  [0m] Created slice system-serial\x2dgetty.slice.
[    4.235318] systemd[1]: Mounting Debug File System...
         Mounting Debug File System...
[    4.238097] systemd[1]: Starting Nameserver information manager...
         Starting Nameserver information manager...
[    4.240122] systemd[1]: Mounting POSIX Message Queue File System...
         Mounting POSIX Message Queue File System...
[    4.241620] systemd[1]: Reached target Swap.
[[0;32m  OK  [0m] Reached target Swap.
[    4.242911] systemd[1]: Reached target User and Group Name Lookups.
[[0;32m  OK  [0m] Reached target User and Group Name Lookups.
[    4.245807] systemd[1]: Reached target Encrypted Volumes.
[[0;32m  OK  [0m] Reached target Encrypted Volumes.
[    4.247606] systemd[1]: Set up automount Arbitrary Executable File Formats File System Automount Point.
[[0;32m  OK  [0m] Set up automount Arbitrary Executab...ats File System Automount Point.
[    4.253424] systemd[1]: Starting Create list of required static device nodes for the current kernel...
         Starting Create list of required st... nodes for the current kernel...
[    4.256595] systemd[1]: Starting Load Kernel Modules...
         Starting Load Kernel Modules...
[    4.257889] systemd[1]: Started Forward Password Requests to Wall Directory Watch.
[[0;32m  OK  [0m] Started Forward Password Requests to Wall Directory Watch.
[    4.260211] systemd[1]: Starting Uncomplicated firewall...
         Starting Uncomplicated firewall...
[    4.262605] systemd[1]: Listening on /dev/initctl Compatibility Named Pipe.
[[0;32m  OK  [0m] Listening on /dev/initctl Compatibility Named Pipe.
[    4.265766] systemd[1]: Created slice User and Session Slice.
[[0;32m  OK  [0m] Created slice User and Session Slice.
[    4.268377] systemd[1]: Reached target Slices.
[[0;32m  OK  [0m] Reached target Slices.
[    4.270809] systemd[1]: Starting Monitoring of LVM2 mirrors, snapshots etc. using dmeventd or progress polling...
         Starting Monitoring of LVM2 mirrors... dmeventd or progress polling...
[    4.273167] systemd[1]: Listening on udev Kernel Socket.
[[0;32m  OK  [0m] Listening on udev Kernel Socket.
[    4.276161] systemd[1]: Mounted Huge Pages File System.
[[0;32m  OK  [0m] Mounted Huge Pages File System.
[    4.277546] systemd[1]: Mounted POSIX Message Queue File System.
[[    4.278738] Loading iSCSI transport class v2.0-870.
[0;32m  OK  [0m] Mounted POSIX Message Queue File System.
[    4.279869] systemd[1]: Mounted Debug File System.
[[0;32m  OK  [0m] Mounted Debug File System.
[    4.281349] systemd[1]: Started Journal Service.
[[0;32m  OK  [0m] Started Journal Service.
[[0;32m  OK  [0m] Started File System Check on Root Device.
[[0;32m  OK  [0m] Started Set console keymap.
[    4.286254] iscsi: registered transport (tcp)
[[0;32m  OK  [0m] Started Create list of required sta...ce nodes for the current kernel.
[[0;32m  OK  [0m] Started Uncomplicated firewall.
[[0;32m  OK  [0m] Started Nameserver information manager.
[[0;32m  OK  [0m] Started LVM2 metadata daemon.
[[0;32m  OK  [0m] Started File System Check Daemon to report status.
         Starting Create Static Device Nodes in /dev...
         Starting Remount Root and Kernel File Systems...
[    4.299987] EXT4-fs (sda1): re-mounted. Opts: (null)
[[0;32m  OK  [0m] Started Remount Root and Kernel File Systems.
[    4.313188] iscsi: registered transport (iser)
         Starting udev Coldplug all Devices...
         Starting Load/Save Random Seed...
         Starting Flush Journal to Persistent Storage...
[[0;32m  OK  [0m] Started Load Kernel Modules.
[[0;32m  OK  [0m] Started Create Static Device Nodes in /dev.
[[0;32m  OK  [0m] Started Load/Save Random Seed.
         Starting udev Kernel Device Manager...
         Starting Apply Kernel Variables...
         Mounting FUSE Control File System...
[[0;32m  OK  [0m] Mounted FUSE Control File System.
[    4.343885] systemd-journald[381]: Received request to flush runtime journal from PID 1
[[0;32m  OK  [0m] Started Flush Journal to Persistent Storage.
[[0;32m  OK  [0m] Started Apply Kernel Variables.
[[0;32m  OK  [0m] Started udev Coldplug all Devices.
[[0;32m  OK  [0m] Started udev Kernel Device Manager.
[[0;32m  OK  [0m] Started Dispatch Password Requests to Console Directory Watch.
[[0;32m  OK  [0m] Found device /dev/ttyS0.
[[0;32m  OK  [0m] Listening on Load/Save RF Kill Switch Status /dev/rfkill Watch.
[[0;32m  OK  [0m] Started Monitoring of LVM2 mirrors,...ng dmeventd or progress polling.
[[0;32m  OK  [0m] Reached target Local File Systems (Pre).
[[0;32m  OK  [0m] Reached target Local File Systems.
         Starting Commit a transient machine-id on disk...
         Starting LSB: AppArmor initialization...
         Starting Set console font and keymap...
         Starting Create Volatile Files and Directories...
         Starting Initial cloud-init job (pre-networking)...
         Starting Tell Plymouth To Write Out Runtime Data...
[[0;32m  OK  [0m] Started Commit a transient machine-id on disk.
[[0;32m  OK  [0m] Started Create Volatile Files and Directories.
[[0;32m  OK  [0m] Started Tell Plymouth To Write Out Runtime Data.
         Starting Update UTMP about System Boot/Shutdown...
[[0;32m  OK  [0m] Started Update UTMP about System Boot/Shutdown.
[[0;32m  OK  [0m] Started Set console font and keymap.
[[0;32m  OK  [0m] Created slice system-getty.slice.
[    5.288593] cloud-init[638]: Cloud-init v. 21.1-19-gbad84ad4-0ubuntu1~16.04.2 running 'init-local' at Mon, 16 Jan 2023 20:00:31 +0000. Up 5.03 seconds.
[[0;32m  OK  [0m] Started LSB: AppArmor initialization.
         Starting Load AppArmor profiles managed internally by snapd...
[[0;32m  OK  [0m] Started Load AppArmor profiles managed internally by snapd.
[[0;32m  OK  [0m] Started Initial cloud-init job (pre-networking).
[[0;32m  OK  [0m] Reached target Network (Pre).
         Starting Raise network interfaces...
[[0;32m  OK  [0m] Started Raise network interfaces.
[[0;32m  OK  [0m] Reached target Network.
         Starting Initial cloud-init job (metadata service crawler)...
[    5.955093] cloud-init[967]: Cloud-init v. 21.1-19-gbad84ad4-0ubuntu1~16.04.2 running 'init' at Mon, 16 Jan 2023 20:00:32 +0000. Up 5.62 seconds.
[    5.956345] cloud-init[967]: ci-info: ++++++++++++++++++++++++++++++++++++++Net device info+++++++++++++++++++++++++++++++++++++++
[    5.957551] cloud-init[967]: ci-info: +--------+-------+----------------------------+---------------+--------+-------------------+
[    5.958689] cloud-init[967]: ci-info: | Device |   Up  |          Address           |      Mask     | Scope  |     Hw-Address    |
[    5.959779] cloud-init[967]: ci-info: +--------+-------+----------------------------+---------------+--------+-------------------+
[    5.960857] cloud-init[967]: ci-info: | enp0s3 |  True |         10.0.2.15          | 255.255.255.0 | global | 02:be:82:6b:cc:1d |
[    5.961927] cloud-init[967]: ci-info: | enp0s3 |  True | fe80::be:82ff:fe6b:cc1d/64 |       .       |  link  | 02:be:82:6b:cc:1d |
[    5.962988] cloud-init[967]: ci-info: | enp0s8 | False |             .              |       .       |   .    | 08:00:27:f9:9c:9b |
[    5.964048] cloud-init[967]: ci-info: |   lo   |  True |         127.0.0.1          |   255.0.0.0   |  host  |         .         |
[    5.965347] cloud-init[967]: ci-info: |   lo   |  True |          ::1/128           |       .       |  host  |         .         |
[    5.966472] cloud-init[967]: ci-info: +--------+-------+----------------------------+---------------+--------+-------------------+
[    5.967661] cloud-init[967]: ci-info: +++++++++++++++++++++++++++Route IPv4 info++++++++++++++++++++++++++++
[    5.968613] cloud-init[967]: ci-info: +-------+-------------+----------+---------------+-----------+-------+
[    5.969585] cloud-init[967]: ci-info: | Route | Destination | Gateway  |    Genmask    | Interface | Flags |
[    5.970984] cloud-init[967]: ci-info: +-------+-------------+----------+---------------+-----------+-------+
[    5.971971] cloud-init[967]: ci-info: |   0   |   0.0.0.0   | 10.0.2.2 |    0.0.0.0    |   enp0s3  |   UG  |
[    5.973035] cloud-init[967]: ci-info: |   1   |   10.0.2.0  | 0.0.0.0  | 255.255.255.0 |   enp0s3  |   U   |
[    5.973989] cloud-init[967]: ci-info: +-------+-------------+----------+---------------+-----------+-------+
[    5.974915] cloud-init[967]: ci-info: +++++++++++++++++++Route IPv6 info+++++++++++++++++++
[    5.975756] cloud-init[967]: ci-info: +-------+-------------+---------+-----------+-------+
[    5.976591] cloud-init[967]: ci-info: | Route | Destination | Gateway | Interface | Flags |
[    5.977401] cloud-init[967]: ci-info: +-------+-------------+---------+-----------+-------+
[    5.978261] cloud-init[967]: ci-info: |   0   |  fe80::/64  |    ::   |   enp0s3  |   U   |
[    5.979144] cloud-init[967]: ci-info: |   3   |   ff00::/8  |    ::   |   enp0s3  |   U   |
[    5.984580] cloud-init[967]: ci-info: +-------+-------------+---------+-----------+-------+
[    5.985653] cloud-init[967]: Generating public/private rsa key pair.
[    5.986539] cloud-init[967]: Your identification has been saved in /etc/ssh/ssh_host_rsa_key.
[    5.987555] cloud-init[967]: Your public key has been saved in /etc/ssh/ssh_host_rsa_key.pub.
[    5.988429] cloud-init[967]: The key fingerprint is:
[    5.996363] cloud-init[967]: SHA256:fkJ3NojikfIKPEef6ARu2lRRZ3sHjHzbcCWH4GrHb68 root@ubuntu-xenial
[    5.997358] cloud-init[967]: The key's randomart image is:
[    5.998009] cloud-init[967]: +---[RSA 2048]----+
[    5.998623] cloud-init[967]: |      ..ooo..oo  |
[    5.999204] cloud-init[967]: |     . ooo+.oo   |
[    5.999799] cloud-init[967]: |    .   ..o=.    |
[    6.000401] cloud-init[967]: |     . . =.o.    |
[    6.001022] cloud-init[967]: |  . + + S = +    |
[    6.001634] cloud-init[967]: | o + * B o + .   |
[    6.002251] cloud-init[967]: |  B + = o . o    |
[    6.002869] cloud-init[967]: | = * .   o . .   |
[    6.003449] cloud-init[967]: |. . o       E..  |
[    6.004023] cloud-init[967]: +----[SHA256]-----+
[    6.004949] cloud-init[967]: Generating public/private dsa key pair.
[    6.005712] cloud-init[967]: Your identification has been saved in /etc/ssh/ssh_host_dsa_key.
[    6.006592] cloud-init[967]: Your public key has been saved in /etc/ssh/ssh_host_dsa_key.pub.
[    6.007399] cloud-init[967]: The key fingerprint is:
[    6.012317] cloud-init[967]: SHA256:BCB/JClYekAe6pi2uoZv1jJBO670ivfs6GEyueZDsIw root@ubuntu-xenial
[    6.013239] cloud-init[967]: The key's randomart image is:
[    6.014043] cloud-init[967]: +---[DSA 1024]----+
[    6.014657] cloud-init[967]: |o=o ooo          |
[    6.015368] cloud-init[967]: |+ooo.o .         |
[    6.016093] cloud-init[967]: |o.... . .        |
[    6.016657] cloud-init[967]: |+o.  . .         |
[    6.017214] cloud-init[967]: |*= .    S        |
[    6.017854] cloud-init[967]: |E+=              |
[    6.018413] cloud-init[967]: |*+o+             |
[    6.018532] cloud-init[967]: |=OO+.            |
[    6.018841] cloud-init[967]: |X@**+            |
[    6.018998] cloud-init[967]: +----[SHA256]-----+
[    6.019323] cloud-init[967]: Generating public/private ecdsa key pair.
[    6.019482] cloud-init[967]: Your identification has been saved in /etc/ssh/ssh_host_ecdsa_key.
[    6.019695] cloud-init[967]: Your public key has been saved in /etc/ssh/ssh_host_ecdsa_key.pub.
[    6.019860] cloud-init[967]: The key fingerprint is:
[    6.019994] cloud-init[967]: SHA256:3UW9XM6J0/jRZ0rRSpNrjAsxlcqZ9r69In53EHB8Zww root@ubuntu-xenial
[    6.020101] cloud-init[967]: The key's randomart image is:
[    6.020473] cloud-init[967]: +---[ECDSA 256]---+
[    6.020641] cloud-init[967]: |           ..oE* |
[    6.020899] cloud-init[967]: |          o o.B O|
[    6.021069] cloud-init[967]: |         . * **X*|
[    6.021362] cloud-init[967]: |         .B..=B**|
[    6.021534] cloud-init[967]: |        S..o.+o+o|
[    6.021709] cloud-init[967]: |            o o. |
[    6.021904] cloud-init[967]: |           .   . |
[    6.022073] cloud-init[967]: |          . +.. .|
[    6.022290] cloud-init[967]: |         ..o.+oo |
[    6.022441] cloud-init[967]: +----[SHA256]-----+
[    6.022618] cloud-init[967]: Generating public/private ed25519 key pair.
[    6.022907] cloud-init[967]: Your identification has been saved in /etc/ssh/ssh_host_ed25519_key.
[    6.023076] cloud-init[967]: Your public key has been saved in /etc/ssh/ssh_host_ed25519_key.pub.
[    6.023259] cloud-init[967]: The key fingerprint is:
[    6.023462] cloud-init[967]: SHA256:rb1NdpBDxzBLLZFO7UQUYeeKFZLDxsbgbVIps47kOFo root@ubuntu-xenial
[    6.023630] cloud-init[967]: The key's randomart image is:
[    6.023937] cloud-init[967]: +--[ED25519 256]--+
[    6.024195] cloud-init[967]: |          .=BXBo.|
[    6.024481] cloud-init[967]: |         .o+&B++ |
[    6.024596] cloud-init[967]: |          oO==+ .|
[    6.024895] cloud-init[967]: |        ...+.=.. |
[    6.025187] cloud-init[967]: |       +So. = .  |
[    6.025507] cloud-init[967]: |      E oo.  o   |
[    6.025790] cloud-init[967]: |     o .. . o .  |
[    6.025958] cloud-init[967]: |    .      = .   |
[    6.026138] cloud-init[967]: |          . .    |
[    6.026320] cloud-init[967]: +----[SHA256]-----+
[[0;32m  OK  [0m] Started Initial cloud-init job (metadata service crawler).
[[0;32m  OK  [0m] Reached target Cloud-config availability.
[[0;32m  OK  [0m] Reached target Network is Online.
         Starting iSCSI initiator daemon (iscsid)...
[[0;32m  OK  [0m] Reached target System Initialization.
[[0;32m  OK  [0m] Listening on UUID daemon activation socket.
         Starting LXD - unix socket.
[[0;32m  OK  [0m] Started Daily apt download activities.
[[0;32m  OK  [0m] Started Daily apt upgrade and clean activities.
[[0;32m  OK  [0m] Started ACPI Events Check.
[[0;32m  OK  [0m] Reached target Paths.
[[0;32m  OK  [0m] Started Ubuntu Advantage update messaging.
[[0;32m  OK  [0m] Started Message of the Day.
[[0;32m  OK  [0m] Listening on ACPID Listen Socket.
[[0;32m  OK  [0m] Listening on D-Bus System Message Bus Socket.
         Starting Socket activation for snappy daemon.
[[0;32m  OK  [0m] Started Daily Cleanup of Temporary Directories.
[[0;32m  OK  [0m] Reached target Timers.
[[0;32m  OK  [0m] Listening on LXD - unix socket.
[[0;32m  OK  [0m] Listening on Socket activation for snappy daemon.
[[0;32m  OK  [0m] Reached target Sockets.
[[0;32m  OK  [0m] Reached target Basic System.
         Starting System Logging Service...
         Starting Login Service...
         Starting LSB: Record successful boot for GRUB...
[[0;32m  OK  [0m] Started Deferred execution scheduler.
         Starting Virtualbox guest utils...
[[0;32m  OK  [0m] Started Regular background program processing daemon.
         Starting Accounts Service...
         Starting LSB: MD monitoring daemon...
[[0;32m  OK  [0m] Started FUSE filesystem for LXC.
         Starting Snap Daemon...
         Starting /etc/rc.local Compatibility...
[[0;32m  OK  [0m] Started D-Bus System Message Bus.
         Starting Pollinate to seed the pseudo random number generator...
         Starting LXD - container startup/shutdown...
[[0;32m  OK  [0m] Started ACPI event daemon.
[[0;32m  OK  [0m] Started System Logging Service.
[[0;32m  OK  [0m] Started iSCSI initiator daemon (iscsid).
[[0;32m  OK  [0m] Started /etc/rc.local Compatibility.
[[0;32m  OK  [0m] Started Login Service.
[[0;32m  OK  [0m] Started Unattended Upgrades Shutdown.
         Starting Authenticate and Authorize Users to Run Privileged Tasks...
         Starting Login to default iSCSI targets...
[[0;32m  OK  [0m] Started LSB: Record successful boot for GRUB.
[[0;32m  OK  [0m] Started LSB: MD monitoring daemon.
[[0;32m  OK  [0m] Started Login to default iSCSI targets.
[[0;32m  OK  [0m] Reached target Remote File Systems (Pre).
[[0;32m  OK  [0m] Reached target Remote File Systems.
         Starting Permit User Sessions...
         Starting LSB: Set the CPU Frequency Scaling governor to "ondemand"...
         Starting LSB: automatic crash report generation...
         Starting LSB: daemon to balance interrupts for SMP systems...
[[0;32m  OK  [0m] Started Authenticate and Authorize Users to Run Privileged Tasks.
[[0;32m  OK  [0m] Started Accounts Service.
[[0;32m  OK  [0m] Started Permit User Sessions.
         Starting Terminate Plymouth Boot Screen...
         Starting Hold until boot process finishes up...
[[0;32m  OK  [0m] Started Hold until boot process finishes up.
[[0;32m  OK  [0m] Started Serial Getty on ttyS0.
         Starting Set console scheme...
[[0;32m  OK  [0m] Started Getty on tty1.
[[0;32m  OK  [0m] Reached target Login Prompts.
[[0;32m  OK  [0m] Started LSB: Set the CPU Frequency Scaling governor to "ondemand".
[[0;32m  OK  [0m] Started Terminate Plymouth Boot Screen.
[[0;32m  OK  [0m] Started Set console scheme.
[[0;32m  OK  [0m] Started LSB: daemon to balance interrupts for SMP systems.
[[0;32m  OK  [0m] Started LSB: automatic crash report generation.
[[0;32m  OK  [0m] Started Virtualbox guest utils.
[[0;32m  OK  [0m] Started LXD - container startup/shutdown.
[[0;32m  OK  [0m] Started Snap Daemon.
         Starting Wait until snapd is fully seeded...
[[0;32m  OK  [0m] Started Pollinate to seed the pseudo random number generator.
         Starting OpenBSD Secure Shell server...
[[0;32m  OK  [0m] Started OpenBSD Secure Shell server.
[[0;32m  OK  [0m] Started Wait until snapd is fully seeded.
[[0;32m  OK  [0m] Reached target Multi-User System.
[[0;32m  OK  [0m] Reached target Graphical Interface.
         Starting Update UTMP about System Runlevel Changes...
         Starting Apply the settings specified in cloud-config...
[[0;32m  OK  [0m] Started Update UTMP about System Runlevel Changes.
[    7.665720] cloud-init[1310]: Generating locales (this might take a while)...
[    8.127162] cloud-init[1310]:   en_US.UTF-8... done
[    8.127890] cloud-init[1310]: Generation complete.
[    8.316042] cloud-init[1310]: Cloud-init v. 21.1-19-gbad84ad4-0ubuntu1~16.04.2 running 'modules:config' at Mon, 16 Jan 2023 20:00:34 +0000. Up 7.60 seconds.
[[0;32m  OK  [0m] Started Apply the settings specified in cloud-config.
         Starting Execute cloud user/final scripts...
ci-info: no authorized SSH keys fingerprints found for user ubuntu.
<14>Jan 16 20:00:35 ec2: 
<14>Jan 16 20:00:35 ec2: #############################################################
<14>Jan 16 20:00:35 ec2: -----BEGIN SSH HOST KEY FINGERPRINTS-----
<14>Jan 16 20:00:35 ec2: 1024 SHA256:BCB/JClYekAe6pi2uoZv1jJBO670ivfs6GEyueZDsIw root@ubuntu-xenial (DSA)
<14>Jan 16 20:00:35 ec2: 256 SHA256:3UW9XM6J0/jRZ0rRSpNrjAsxlcqZ9r69In53EHB8Zww root@ubuntu-xenial (ECDSA)
<14>Jan 16 20:00:35 ec2: 256 SHA256:rb1NdpBDxzBLLZFO7UQUYeeKFZLDxsbgbVIps47kOFo root@ubuntu-xenial (ED25519)
<14>Jan 16 20:00:35 ec2: 2048 SHA256:fkJ3NojikfIKPEef6ARu2lRRZ3sHjHzbcCWH4GrHb68 root@ubuntu-xenial (RSA)
<14>Jan 16 20:00:35 ec2: -----END SSH HOST KEY FINGERPRINTS-----
<14>Jan 16 20:00:35 ec2: #############################################################
-----BEGIN SSH HOST KEY KEYS-----
ecdsa-sha2-nistp256 AAAAE2VjZHNhLXNoYTItbmlzdHAyNTYAAAAIbmlzdHAyNTYAAABBBPRQP1zuCnikZ45gRsfEMv0eSLsBQaWkGVoOZKxImD3RqHzc9O19Q5WHv5xkiknfiatgl1vtSdhgkSVhJPLgjrA= root@ubuntu-xenial
ssh-ed25519 AAAAC3NzaC1lZDI1NTE5AAAAIJ64fVdzBz6DYid8RgyXhYXISblYxQgVPnzdP+BmoNg+ root@ubuntu-xenial
ssh-rsa AAAAB3NzaC1yc2EAAAADAQABAAABAQDopVORjckzFN1JguQwyiYnoy41yQbmC6T5cQKIVfP2SKJ7MLw0J6qcAT4QlSmmHsfOzgFx9GciI6Ba24fLhQR2RSJbbrr7MhuCznDX11hnS5ME4Ipt8gkAz2jDwsOUxGxIb2EZ+huWvgDyluYB6BAlhAhj9tkLAWuj294XFdvIIX2fjCSPUNil/JXyDHrc6rYfqIll937lR6uMM6sc/rLhAYQjthLnY2I+PHeNYyYmJjYAr3QmokU5EcQvCnEyY/GnW3/nGA5Z1QXCgKNwYM9c6PN2FjzetXBRb3o9RfyjcKz+bIk8b6BkDwZ/CUwik/vver3KLdW2SHrI/LSo8fR7 root@ubuntu-xenial
-----END SSH HOST KEY KEYS-----
[    8.616154] cloud-init[1354]: Cloud-init v. 21.1-19-gbad84ad4-0ubuntu1~16.04.2 running 'modules:final' at Mon, 16 Jan 2023 20:00:35 +0000. Up 8.52 seconds.
[    8.617549] cloud-init[1354]: ci-info: no authorized SSH keys fingerprints found for user ubuntu.
[    8.618565] cloud-init[1354]: Cloud-init v. 21.1-19-gbad84ad4-0ubuntu1~16.04.2 finished at Mon, 16 Jan 2023 20:00:35 +0000. Datasource DataSourceNoCloud [seed=/dev/sdb][dsmode=net].  Up 8.61 seconds
[[0;32m  OK  [0m] Started Execute cloud user/final scripts.
[[0;32m  OK  [0m] Reached target Cloud-init target.

Ubuntu 16.04.7 LTS ubuntu-xenial ttyS0

ubuntu-xenial login:          Stopping ACPI event daemon...
[[0;32m  OK  [0m] Stopped target Graphical Interface.
[[0;32m  OK  [0m] Stopped target Timers.
[[0;32m  OK  [0m] Stopped Ubuntu Advantage update messaging.
[[0;32m  OK  [0m] Stopped Daily Cleanup of Temporary Directories.
         Stopping Authenticate and Authorize Users to Run Privileged Tasks...
[[0;32m  OK  [0m] Stopped Daily apt upgrade and clean activities.
         Stopping Session 5 of user vagrant.
[[0;32m  OK  [0m] Stopped Daily apt download activities.
         Stopping User Manager for UID 1000...
[[0;32m  OK  [0m] Stopped target Cloud-init target.
[[0;32m  OK  [0m] Stopped Execute cloud user/final scripts.
         Stopping Accounts Service...
[[0;32m  OK  [0m] Stopped Message of the Day.
[[0;32m  OK  [0m] Stopped target System Time Synchronized.
[[0;32m  OK  [0m] Stopped target Multi-User System.
         Stopping Regular background program processing daemon...
         Stopping LSB: daemon to balance interrupts for SMP systems...
         Stopping D-Bus System Message Bus...
         Stopping LXD - container startup/shutdown...
         Stopping LSB: automatic crash report generation...
         Stopping vboxadd-service.service...
         Stopping System Logging Service...
         Stopping LSB: Set the CPU Frequency Scaling governor to "ondemand"...
         Stopping Deferred execution scheduler...
         Stopping LSB: MD monitoring daemon...
         Stopping OpenBSD Secure Shell server...
         Stopping A high performance web server and a reverse proxy server...
         Stopping FUSE filesystem for LXC...
         Stopping LSB: Record successful boot for GRUB...
[[0;32m  OK  [0m] Closed Load/Save RF Kill Switch Status /dev/rfkill Watch.
[[0;32m  OK  [0m] Stopped target Login Prompts.
         Stopping Serial Getty on ttyS0...
         Stopping Getty on tty1...
[[0;32m  OK  [0m] Stopped Apply the settings specified in cloud-config.
[[0;32m  OK  [0m] Stopped Wait until snapd is fully seeded.
[[0;32m  OK  [0m] Stopped target Cloud-config availability.
[[0;32m  OK  [0m] Unmounted /var/lib/lxcfs.
[[0;32m  OK  [0m] Stopped System Logging Service.
[[0;32m  OK  [0m] Stopped Deferred execution scheduler.
[[0;32m  OK  [0m] Stopped Regular background program processing daemon.
[[0;32m  OK  [0m] Stopped Accounts Service.
[[0;32m  OK  [0m] Stopped Authenticate and Authorize Users to Run Privileged Tasks.
[[0;32m  OK  [0m] Stopped Serial Getty on ttyS0.
[[0;32m  OK  [0m] Stopped Getty on tty1.
[[0;32m  OK  [0m] Stopped OpenBSD Secure Shell server.
[[0;32m  OK  [0m] Stopped User Manager for UID 1000.
[[0;32m  OK  [0m] Stopped Session 5 of user vagrant.
[[0;32m  OK  [0m] Stopped D-Bus System Message Bus.
[[0;32m  OK  [0m] Stopped FUSE filesystem for LXC.
[[0;32m  OK  [0m] Stopped ACPI event daemon.
[[0;32m  OK  [0m] Stopped vboxadd-service.service.
[[0;32m  OK  [0m] Stopped A high performance web server and a reverse proxy server.
[[0;32m  OK  [0m] Stopped LXD - container startup/shutdown.
[[0;32m  OK  [0m] Stopped LSB: automatic crash report generation.
[[0;32m  OK  [0m] Stopped LSB: MD monitoring daemon.
[[0;32m  OK  [0m] Stopped LSB: daemon to balance interrupts for SMP systems.
[[0;32m  OK  [0m] Stopped LSB: Record successful boot for GRUB.
         Stopping vboxadd.service...
[[0;32m  OK  [0m] Removed slice User Slice of vagrant.
         Stopping Login Service...
[[0;32m  OK  [0m] Removed slice system-getty.slice.
[[0;32m  OK  [0m] Removed slice system-serial\x2dgetty.slice.
         Stopping Permit User Sessions...
[[0;32m  OK  [0m] Stopped /etc/rc.local Compatibility.
[[0;32m  OK  [0m] Stopped LSB: Set the CPU Frequency Scaling governor to "ondemand".
[[0;32m  OK  [0m] Stopped Permit User Sessions.
[[0;32m  OK  [0m] Stopped User Manager for UID 1000.
[[0;32m  OK  [0m] Stopped target Remote File Systems.
         Unmounting /vagrant...
[[0;32m  OK  [0m] Unmounted /vagrant.
[[0;32m  OK  [0m] Stopped target Remote File Systems (Pre).
         Stopping Login to default iSCSI targets...
[[0;32m  OK  [0m] Stopped vboxadd.service.
[[0;32m  OK  [0m] Stopped Login to default iSCSI targets.
         Stopping iSCSI initiator daemon (iscsid)...
[[0;32m  OK  [0m] Stopped iSCSI initiator daemon (iscsid).
[[0;32m  OK  [0m] Stopped target Network is Online.
[[0;32m  OK  [0m] Stopped target Network.
[[0;32m  OK  [0m] Stopped Login Service.
[[0;32m  OK  [0m] Stopped target User and Group Name Lookups.
[[0;32m  OK  [0m] Stopped target Basic System.
[[0;32m  OK  [0m] Stopped target Paths.
[[0;32m  OK  [0m] Stopped ACPI Events Check.
[[0;32m  OK  [0m] Stopped Dispatch Password Requests to Console Directory Watch.
[[0;32m  OK  [0m] Stopped Forward Password Requests to Wall Directory Watch.
[[0;32m  OK  [0m] Stopped target Sockets.
[[0;32m  OK  [0m] Closed Socket activation for snappy daemon.
[[0;32m  OK  [0m] Closed ACPID Listen Socket.
[[0;32m  OK  [0m] Closed LXD - unix socket.
[[0;32m  OK  [0m] Closed Syslog Socket.
[[0;32m  OK  [0m] Closed UUID daemon activation socket.
[[0;32m  OK  [0m] Closed D-Bus System Message Bus Socket.
[[0;32m  OK  [0m] Stopped target Slices.
[[0;32m  OK  [0m] Removed slice User and Session Slice.
[[0;32m  OK  [0m] Stopped target System Initialization.
[[0;32m  OK  [0m] Stopped target Swap.
         Stopping Load/Save Random Seed...
[[0;32m  OK  [0m] Stopped Create Volatile Files and Directories.
[[0;32m  OK  [0m] Stopped Initial cloud-init job (metadata service crawler).
         Stopping Raise network interfaces...
[[0;32m  OK  [0m] Stopped Commit a transient machine-id on disk.
[[0;32m  OK  [0m] Stopped target Encrypted Volumes.
[[0;32m  OK  [0m] Stopped Load/Save Random Seed.
[[0;32m  OK  [0m] Stopped Raise network interfaces.
[[0;32m  OK  [0m] Stopped target Network (Pre).
[[0;32m  OK  [0m] Stopped Initial cloud-init job (pre-networking).
[[0;32m  OK  [0m] Stopped Apply Kernel Variables.
[[0;32m  OK  [0m] Stopped Load Kernel Modules.
[[0;32m  OK  [0m] Stopped target Local File Systems.
         Unmounting /run/user/1000...
[[0;32m  OK  [0m] Unmounted /run/user/1000.
[[0;32m  OK  [0m] Reached target Unmount All Filesystems.
[[0;32m  OK  [0m] Stopped target Local File Systems (Pre).
[[0;32m  OK  [0m] Stopped Create Static Device Nodes in /dev.
[[0;32m  OK  [0m] Stopped Remount Root and Kernel File Systems.
[[0;32m  OK  [0m] Reached target Shutdown.
[ 2159.684724] reboot: Power down
